--------------------------------------------------------------------------------
Release 14.7 Trace  (lin64)
Copyright (c) 1995-2013 Xilinx, Inc.  All rights reserved.

/opt/Xilinx/14.7/ISE_DS/ISE/bin/lin64/unwrapped/trce -intstyle ise -v 3 -s 2 -n
3 -fastpaths -xml top.twx top.ncd -o top.twr top.pcf -ucf breakout_1const.ucf

Design file:              top.ncd
Physical constraint file: top.pcf
Device,package,speed:     xc6slx9,csg324,C,-2 (PRODUCTION 1.23 2013-10-13)
Report level:             verbose report

Environment Variable      Effect 
--------------------      ------ 
NONE                      No environment variables were set
--------------------------------------------------------------------------------

INFO:Timing:3412 - To improve timing, see the Timing Closure User Guide (UG612).
INFO:Timing:2752 - To get complete path coverage, use the unconstrained paths 
   option. All paths that are not constrained will be reported in the 
   unconstrained paths section(s) of the report.
INFO:Timing:3339 - The clock-to-out numbers in this timing report are based on 
   a 50 Ohm transmission line loading model.  For the details of this model, 
   and for more information on accounting for different loading conditions, 
   please see the device datasheet.

================================================================================
Timing constraint: NET "clk_BUFGP/IBUFG" PERIOD = 10 ns HIGH 50%;
For more information, see Period Analysis in the Timing Closure User Guide (UG612).

 3 paths analyzed, 3 endpoints analyzed, 0 failing endpoints
 0 timing errors detected. (0 setup errors, 0 hold errors, 0 component switching limit errors)
 Minimum period is   2.666ns.
--------------------------------------------------------------------------------

Paths for end point pix_clk_div_1 (SLICE_X12Y33.D2), 1 path
--------------------------------------------------------------------------------
Slack (setup path):     8.517ns (requirement - (data path - clock path skew + uncertainty))
  Source:               pix_clk_div_0 (FF)
  Destination:          pix_clk_div_1 (FF)
  Requirement:          10.000ns
  Data Path Delay:      1.448ns (Levels of Logic = 1)
  Clock Path Skew:      0.000ns
  Source Clock:         clk_BUFGP rising at 0.000ns
  Destination Clock:    clk_BUFGP rising at 10.000ns
  Clock Uncertainty:    0.035ns

  Clock Uncertainty:          0.035ns  ((TSJ^2 + TIJ^2)^1/2 + DJ) / 2 + PE
    Total System Jitter (TSJ):  0.070ns
    Total Input Jitter (TIJ):   0.000ns
    Discrete Jitter (DJ):       0.000ns
    Phase Error (PE):           0.000ns

  Maximum Data Path at Slow Process Corner: pix_clk_div_0 to pix_clk_div_1
    Location             Delay type         Delay(ns)  Physical Resource
                                                       Logical Resource(s)
    -------------------------------------------------  -------------------
    SLICE_X12Y33.CQ      Tcko                  0.525   pix_clk_div<1>
                                                       pix_clk_div_0
    SLICE_X12Y33.D2      net (fanout=2)        0.584   pix_clk_div<0>
    SLICE_X12Y33.CLK     Tas                   0.339   pix_clk_div<1>
                                                       Mcount_pix_clk_div_xor<1>11
                                                       pix_clk_div_1
    -------------------------------------------------  ---------------------------
    Total                                      1.448ns (0.864ns logic, 0.584ns route)
                                                       (59.7% logic, 40.3% route)

--------------------------------------------------------------------------------

Paths for end point pix_clk_div_0 (SLICE_X12Y33.C5), 1 path
--------------------------------------------------------------------------------
Slack (setup path):     8.877ns (requirement - (data path - clock path skew + uncertainty))
  Source:               pix_clk_div_0 (FF)
  Destination:          pix_clk_div_0 (FF)
  Requirement:          10.000ns
  Data Path Delay:      1.088ns (Levels of Logic = 1)
  Clock Path Skew:      0.000ns
  Source Clock:         clk_BUFGP rising at 0.000ns
  Destination Clock:    clk_BUFGP rising at 10.000ns
  Clock Uncertainty:    0.035ns

  Clock Uncertainty:          0.035ns  ((TSJ^2 + TIJ^2)^1/2 + DJ) / 2 + PE
    Total System Jitter (TSJ):  0.070ns
    Total Input Jitter (TIJ):   0.000ns
    Discrete Jitter (DJ):       0.000ns
    Phase Error (PE):           0.000ns

  Maximum Data Path at Slow Process Corner: pix_clk_div_0 to pix_clk_div_0
    Location             Delay type         Delay(ns)  Physical Resource
                                                       Logical Resource(s)
    -------------------------------------------------  -------------------
    SLICE_X12Y33.CQ      Tcko                  0.525   pix_clk_div<1>
                                                       pix_clk_div_0
    SLICE_X12Y33.C5      net (fanout=2)        0.224   pix_clk_div<0>
    SLICE_X12Y33.CLK     Tas                   0.339   pix_clk_div<1>
                                                       Mcount_pix_clk_div_xor<0>11_INV_0
                                                       pix_clk_div_0
    -------------------------------------------------  ---------------------------
    Total                                      1.088ns (0.864ns logic, 0.224ns route)
                                                       (79.4% logic, 20.6% route)

--------------------------------------------------------------------------------

Paths for end point pix_clk_div_1 (SLICE_X12Y33.D6), 1 path
--------------------------------------------------------------------------------
Slack (setup path):     8.945ns (requirement - (data path - clock path skew + uncertainty))
  Source:               pix_clk_div_1 (FF)
  Destination:          pix_clk_div_1 (FF)
  Requirement:          10.000ns
  Data Path Delay:      1.020ns (Levels of Logic = 1)
  Clock Path Skew:      0.000ns
  Source Clock:         clk_BUFGP rising at 0.000ns
  Destination Clock:    clk_BUFGP rising at 10.000ns
  Clock Uncertainty:    0.035ns

  Clock Uncertainty:          0.035ns  ((TSJ^2 + TIJ^2)^1/2 + DJ) / 2 + PE
    Total System Jitter (TSJ):  0.070ns
    Total Input Jitter (TIJ):   0.000ns
    Discrete Jitter (DJ):       0.000ns
    Phase Error (PE):           0.000ns

  Maximum Data Path at Slow Process Corner: pix_clk_div_1 to pix_clk_div_1
    Location             Delay type         Delay(ns)  Physical Resource
                                                       Logical Resource(s)
    -------------------------------------------------  -------------------
    SLICE_X12Y33.DQ      Tcko                  0.525   pix_clk_div<1>
                                                       pix_clk_div_1
    SLICE_X12Y33.D6      net (fanout=2)        0.156   pix_clk_div<1>
    SLICE_X12Y33.CLK     Tas                   0.339   pix_clk_div<1>
                                                       Mcount_pix_clk_div_xor<1>11
                                                       pix_clk_div_1
    -------------------------------------------------  ---------------------------
    Total                                      1.020ns (0.864ns logic, 0.156ns route)
                                                       (84.7% logic, 15.3% route)

--------------------------------------------------------------------------------

Hold Paths: NET "clk_BUFGP/IBUFG" PERIOD = 10 ns HIGH 50%;
--------------------------------------------------------------------------------

Paths for end point pix_clk_div_1 (SLICE_X12Y33.D6), 1 path
--------------------------------------------------------------------------------
Slack (hold path):      0.458ns (requirement - (clock path skew + uncertainty - data path))
  Source:               pix_clk_div_1 (FF)
  Destination:          pix_clk_div_1 (FF)
  Requirement:          0.000ns
  Data Path Delay:      0.458ns (Levels of Logic = 1)
  Clock Path Skew:      0.000ns
  Source Clock:         clk_BUFGP rising at 10.000ns
  Destination Clock:    clk_BUFGP rising at 10.000ns
  Clock Uncertainty:    0.000ns

  Minimum Data Path at Fast Process Corner: pix_clk_div_1 to pix_clk_div_1
    Location             Delay type         Delay(ns)  Physical Resource
                                                       Logical Resource(s)
    -------------------------------------------------  -------------------
    SLICE_X12Y33.DQ      Tcko                  0.234   pix_clk_div<1>
                                                       pix_clk_div_1
    SLICE_X12Y33.D6      net (fanout=2)        0.027   pix_clk_div<1>
    SLICE_X12Y33.CLK     Tah         (-Th)    -0.197   pix_clk_div<1>
                                                       Mcount_pix_clk_div_xor<1>11
                                                       pix_clk_div_1
    -------------------------------------------------  ---------------------------
    Total                                      0.458ns (0.431ns logic, 0.027ns route)
                                                       (94.1% logic, 5.9% route)

--------------------------------------------------------------------------------

Paths for end point pix_clk_div_0 (SLICE_X12Y33.C5), 1 path
--------------------------------------------------------------------------------
Slack (hold path):      0.497ns (requirement - (clock path skew + uncertainty - data path))
  Source:               pix_clk_div_0 (FF)
  Destination:          pix_clk_div_0 (FF)
  Requirement:          0.000ns
  Data Path Delay:      0.497ns (Levels of Logic = 1)
  Clock Path Skew:      0.000ns
  Source Clock:         clk_BUFGP rising at 10.000ns
  Destination Clock:    clk_BUFGP rising at 10.000ns
  Clock Uncertainty:    0.000ns

  Minimum Data Path at Fast Process Corner: pix_clk_div_0 to pix_clk_div_0
    Location             Delay type         Delay(ns)  Physical Resource
                                                       Logical Resource(s)
    -------------------------------------------------  -------------------
    SLICE_X12Y33.CQ      Tcko                  0.234   pix_clk_div<1>
                                                       pix_clk_div_0
    SLICE_X12Y33.C5      net (fanout=2)        0.066   pix_clk_div<0>
    SLICE_X12Y33.CLK     Tah         (-Th)    -0.197   pix_clk_div<1>
                                                       Mcount_pix_clk_div_xor<0>11_INV_0
                                                       pix_clk_div_0
    -------------------------------------------------  ---------------------------
    Total                                      0.497ns (0.431ns logic, 0.066ns route)
                                                       (86.7% logic, 13.3% route)

--------------------------------------------------------------------------------

Paths for end point pix_clk_div_1 (SLICE_X12Y33.D2), 1 path
--------------------------------------------------------------------------------
Slack (hold path):      0.706ns (requirement - (clock path skew + uncertainty - data path))
  Source:               pix_clk_div_0 (FF)
  Destination:          pix_clk_div_1 (FF)
  Requirement:          0.000ns
  Data Path Delay:      0.706ns (Levels of Logic = 1)
  Clock Path Skew:      0.000ns
  Source Clock:         clk_BUFGP rising at 10.000ns
  Destination Clock:    clk_BUFGP rising at 10.000ns
  Clock Uncertainty:    0.000ns

  Minimum Data Path at Fast Process Corner: pix_clk_div_0 to pix_clk_div_1
    Location             Delay type         Delay(ns)  Physical Resource
                                                       Logical Resource(s)
    -------------------------------------------------  -------------------
    SLICE_X12Y33.CQ      Tcko                  0.234   pix_clk_div<1>
                                                       pix_clk_div_0
    SLICE_X12Y33.D2      net (fanout=2)        0.275   pix_clk_div<0>
    SLICE_X12Y33.CLK     Tah         (-Th)    -0.197   pix_clk_div<1>
                                                       Mcount_pix_clk_div_xor<1>11
                                                       pix_clk_div_1
    -------------------------------------------------  ---------------------------
    Total                                      0.706ns (0.431ns logic, 0.275ns route)
                                                       (61.0% logic, 39.0% route)

--------------------------------------------------------------------------------

Component Switching Limit Checks: NET "clk_BUFGP/IBUFG" PERIOD = 10 ns HIGH 50%;
--------------------------------------------------------------------------------
Slack: 7.334ns (period - min period limit)
  Period: 10.000ns
  Min period limit: 2.666ns (375.094MHz) (Tbcper_I)
  Physical resource: clk_BUFGP/BUFG/I0
  Logical resource: clk_BUFGP/BUFG/I0
  Location pin: BUFGMUX_X3Y13.I0
  Clock network: clk_BUFGP/IBUFG
--------------------------------------------------------------------------------
Slack: 9.520ns (period - min period limit)
  Period: 10.000ns
  Min period limit: 0.480ns (2083.333MHz) (Tcp)
  Physical resource: pix_clk_div<1>/CLK
  Logical resource: pix_clk_div_0/CK
  Location pin: SLICE_X12Y33.CLK
  Clock network: clk_BUFGP
--------------------------------------------------------------------------------
Slack: 9.520ns (period - min period limit)
  Period: 10.000ns
  Min period limit: 0.480ns (2083.333MHz) (Tcp)
  Physical resource: pix_clk_div<1>/CLK
  Logical resource: pix_clk_div_1/CK
  Location pin: SLICE_X12Y33.CLK
  Clock network: clk_BUFGP
--------------------------------------------------------------------------------


All constraints were met.


Data Sheet report:
-----------------
All values displayed in nanoseconds (ns)

Clock to Setup on destination clock clk
---------------+---------+---------+---------+---------+
               | Src:Rise| Src:Fall| Src:Rise| Src:Fall|
Source Clock   |Dest:Rise|Dest:Rise|Dest:Fall|Dest:Fall|
---------------+---------+---------+---------+---------+
clk            |    1.483|         |         |         |
---------------+---------+---------+---------+---------+


Timing summary:
---------------

Timing errors: 0  Score: 0  (Setup/Max: 0, Hold: 0)

Constraints cover 3 paths, 0 nets, and 5 connections

Design statistics:
   Minimum period:   2.666ns{1}   (Maximum frequency: 375.094MHz)


------------------------------------Footnotes-----------------------------------
1)  The minimum period statistic assumes all single cycle delays.

Analysis completed Mon Jul  6 11:33:08 2026 
--------------------------------------------------------------------------------

Trace Settings:
-------------------------
Trace Settings 

Peak Memory Usage: 393 MB



